{
    "cat_fastq concatenates fastq files for paired end reads": {
        "content": [
            {
                "0": [
                    [
                        {
                            "sampleName": "SRR6924569",
                            "sampleNumber": "1",
                            "readType": "paired"
                        },
                        [
                            "SRR6924569_R1.fastq.gz:md5,525ad355d8f72020b2ad716e38a231f3",
                            "SRR6924569_R2.fastq.gz:md5,4be7fdf7176be1216c332c49de3656df"
                        ]
                    ]
                ],
                "reads": [
                    [
                        {
                            "sampleName": "SRR6924569",
                            "sampleNumber": "1",
                            "readType": "paired"
                        },
                        [
                            "SRR6924569_R1.fastq.gz:md5,525ad355d8f72020b2ad716e38a231f3",
                            "SRR6924569_R2.fastq.gz:md5,4be7fdf7176be1216c332c49de3656df"
                        ]
                    ]
                ]
            }
        ],
        "timestamp": "2023-08-16T21:20:40+0000"
    },
    "cat_fastq concatenates fastq files for single end reads": {
        "content": [
            {
                "0": [
                    [
                        {
                            "sampleName": "SRR1066657",
                            "sampleNumber": "3",
                            "readType": "single"
                        },
                        "SRR1066657_R1.fastq.gz:md5,ccabf5ada78353bc8c0584940ab92d35"
                    ]
                ],
                "reads": [
                    [
                        {
                            "sampleName": "SRR1066657",
                            "sampleNumber": "3",
                            "readType": "single"
                        },
                        "SRR1066657_R1.fastq.gz:md5,ccabf5ada78353bc8c0584940ab92d35"
                    ]
                ]
            }
        ],
        "timestamp": "2023-08-16T21:20:39+0000"
    }
}