{
    "cellranger_mkgtf filters protein coding genes -- RefSeq GTF.": {
        "content": [
            {
                "0": [
                    "GRCh38.p14_genomic_NC_000021.9_filtered.gtf:md5,08dbcf02adf10b81d9809bf8210a601f"
                ],
                "gtf_filtered": [
                    "GRCh38.p14_genomic_NC_000021.9_filtered.gtf:md5,08dbcf02adf10b81d9809bf8210a601f"
                ]
            }
        ],
        "timestamp": "2023-08-23T16:32:12+0000"
    }
}