{
    "gunzip decompresses GZIP-compressed fasta file.": {
        "content": [
            {
                "0": [
                    "genome_I.fa:md5,e050100d0a9a7d06a8accf8424ad0d98"
                ],
                "gunzip": [
                    "genome_I.fa:md5,e050100d0a9a7d06a8accf8424ad0d98"
                ]
            }
        ],
<<<<<<< HEAD
        "timestamp": "2023-08-22T16:22:52+0000"
    },
    "gzip successfully unzips GZIP-compressed fasta file.": {
        "content": [
            {
                "0": [
                    "genome_I.fa:md5,e050100d0a9a7d06a8accf8424ad0d98"
                ],
                "gunzip": [
                    "genome_I.fa:md5,e050100d0a9a7d06a8accf8424ad0d98"
                ]
            }
        ],
        "timestamp": "2023-08-22T16:22:52+0000"
    },
    "gunzip successfully unzips GZIP-compressed GTF file.": {
        "content": [
            {
                "0": [
                    "GRCh38.p14_genomic_NC_000021.9.gtf:md5,5dbd6627231b875a9e62136f8dfe2923"
                ],
                "gunzip": [
                    "GRCh38.p14_genomic_NC_000021.9.gtf:md5,5dbd6627231b875a9e62136f8dfe2923"
                ]
            }
        ],
        "timestamp": "2023-08-22T16:22:52+0000"
=======
        "timestamp": "2023-09-13T19:31:52+0000"
>>>>>>> 36485fb849a649865b44b57f024b897ffb619a0c
    }
}