{
    "Cellranger_Map_Count run the `cellranger mkref` and `cellranger count` pipelines from raw inputs -- RefSeq.": {
        "content": [
            {
                "0": [
                    "web_summary.html:md5,7d9e6be906c1ea3a0403b8a281fdb19e"
                ],
                "map_count_log": [
                    "web_summary.html:md5,7d9e6be906c1ea3a0403b8a281fdb19e"
                ]
            }
        ],
        "timestamp": "2023-08-24T13:29:40+0000"
    }
}