{
    "successfully creates channels from single-end samplesheet.": {
        "content": [
            {
                "0": [
                    [
                        {
                            "sampleName": "SRR1066657_GSM1299413_WT_NR_A",
                            "readType": "single"
                        },
                        [
                            "/trev-f/SRAlign-test/raw/rnaseq/data/reads/SRR1066657_GSM1299413_WT_NR_A_Saccharomyces_cerevisiae_RNA-Seq_50000.fastq.gz"
                        ]
                    ],
                    [
                        {
                            "sampleName": "SRR1066658_GSM1299414_WT_NR_B",
                            "readType": "single"
                        },
                        [
                            "/trev-f/SRAlign-test/raw/rnaseq/data/reads/SRR1066658_GSM1299414_WT_NR_B_Saccharomyces_cerevisiae_RNA-Seq_50000.fastq.gz"
                        ]
                    ]
                ],
                "samples": [
                    [
                        {
                            "sampleName": "SRR1066657_GSM1299413_WT_NR_A",
                            "readType": "single"
                        },
                        [
                            "/trev-f/SRAlign-test/raw/rnaseq/data/reads/SRR1066657_GSM1299413_WT_NR_A_Saccharomyces_cerevisiae_RNA-Seq_50000.fastq.gz"
                        ]
                    ],
                    [
                        {
                            "sampleName": "SRR1066658_GSM1299414_WT_NR_B",
                            "readType": "single"
                        },
                        [
                            "/trev-f/SRAlign-test/raw/rnaseq/data/reads/SRR1066658_GSM1299414_WT_NR_B_Saccharomyces_cerevisiae_RNA-Seq_50000.fastq.gz"
                        ]
                    ]
                ]
            }
        ],
        "timestamp": "2023-08-22T15:41:59+0000"
    },
    "successfully creates read channels from single-end samplesheet.": {
        "content": [
            {
                "0": [
                    [
                        {
                            "sampleName": "SRR1066657_GSM1299413_WT_NR_A",
                            "readType": "single"
                        },
                        [
                            "/trev-f/SRAlign-test/raw/rnaseq/data/reads/SRR1066657_GSM1299413_WT_NR_A_Saccharomyces_cerevisiae_RNA-Seq_50000.fastq.gz"
                        ]
                    ],
                    [
                        {
                            "sampleName": "SRR1066658_GSM1299414_WT_NR_B",
                            "readType": "single"
                        },
                        [
                            "/trev-f/SRAlign-test/raw/rnaseq/data/reads/SRR1066658_GSM1299414_WT_NR_B_Saccharomyces_cerevisiae_RNA-Seq_50000.fastq.gz"
                        ]
                    ]
                ],
                "samples": [
                    [
                        {
                            "sampleName": "SRR1066657_GSM1299413_WT_NR_A",
                            "readType": "single"
                        },
                        [
                            "/trev-f/SRAlign-test/raw/rnaseq/data/reads/SRR1066657_GSM1299413_WT_NR_A_Saccharomyces_cerevisiae_RNA-Seq_50000.fastq.gz"
                        ]
                    ],
                    [
                        {
                            "sampleName": "SRR1066658_GSM1299414_WT_NR_B",
                            "readType": "single"
                        },
                        [
                            "/trev-f/SRAlign-test/raw/rnaseq/data/reads/SRR1066658_GSM1299414_WT_NR_B_Saccharomyces_cerevisiae_RNA-Seq_50000.fastq.gz"
                        ]
                    ]
                ]
            }
        ],
        "timestamp": "2023-08-22T15:41:59+0000"
    },
    "Parse_Design successfully creates read channels from single-end samplesheet.": {
        "content": [
            {
                "0": [
                    [
                        {
                            "sampleName": "SRR1066657_GSM1299413_WT_NR_A",
                            "readType": "single"
                        },
                        [
                            "/trev-f/SRAlign-test/raw/rnaseq/data/reads/SRR1066657_GSM1299413_WT_NR_A_Saccharomyces_cerevisiae_RNA-Seq_50000.fastq.gz"
                        ]
                    ],
                    [
                        {
                            "sampleName": "SRR1066658_GSM1299414_WT_NR_B",
                            "readType": "single"
                        },
                        [
                            "/trev-f/SRAlign-test/raw/rnaseq/data/reads/SRR1066658_GSM1299414_WT_NR_B_Saccharomyces_cerevisiae_RNA-Seq_50000.fastq.gz"
                        ]
                    ]
                ],
                "samples": [
                    [
                        {
                            "sampleName": "SRR1066657_GSM1299413_WT_NR_A",
                            "readType": "single"
                        },
                        [
                            "/trev-f/SRAlign-test/raw/rnaseq/data/reads/SRR1066657_GSM1299413_WT_NR_A_Saccharomyces_cerevisiae_RNA-Seq_50000.fastq.gz"
                        ]
                    ],
                    [
                        {
                            "sampleName": "SRR1066658_GSM1299414_WT_NR_B",
                            "readType": "single"
                        },
                        [
                            "/trev-f/SRAlign-test/raw/rnaseq/data/reads/SRR1066658_GSM1299414_WT_NR_B_Saccharomyces_cerevisiae_RNA-Seq_50000.fastq.gz"
                        ]
                    ]
                ]
            }
        ],
        "timestamp": "2023-08-22T15:41:59+0000"
    },
    "Parse_Design successfully creates read channels from mixed single-end and paired-end samplesheet.": {
        "content": [
            {
                "0": [
                    [
                        {
                            "sampleName": "SRR6924569_GSM3073206_Saccharomyces_cerevisiae-AR_Biological_Repeat-2",
                            "readType": "paired"
                        },
                        [
                            "/trev-f/SRAlign-test/raw/rnaseq/data/reads/SRR6924569_GSM3073206_Saccharomyces_cerevisiae-AR_Biological_Repeat-2_Saccharomyces_cerevisiae_RNA-Seq_1_50000.fastq.gz",
                            "/trev-f/SRAlign-test/raw/rnaseq/data/reads/SRR6924569_GSM3073206_Saccharomyces_cerevisiae-AR_Biological_Repeat-2_Saccharomyces_cerevisiae_RNA-Seq_2_50000.fastq.gz"
                        ]
                    ],
                    [
                        {
                            "sampleName": "SRR6924589_GSM3073211_Saccharomyces_cerevisiae-AN_Biological_Repeat-1",
                            "readType": "paired"
                        },
                        [
                            "/trev-f/SRAlign-test/raw/rnaseq/data/reads/SRR6924589_GSM3073211_Saccharomyces_cerevisiae-AN_Biological_Repeat-1_Saccharomyces_cerevisiae_RNA-Seq_1_50000.fastq.gz",
                            "/trev-f/SRAlign-test/raw/rnaseq/data/reads/SRR6924589_GSM3073211_Saccharomyces_cerevisiae-AN_Biological_Repeat-1_Saccharomyces_cerevisiae_RNA-Seq_2_50000.fastq.gz"
                        ]
                    ],
                    [
                        {
                            "sampleName": "SRR1066657_GSM1299413_WT_NR_A",
                            "readType": "single"
                        },
                        [
                            "/trev-f/SRAlign-test/raw/rnaseq/data/reads/SRR1066657_GSM1299413_WT_NR_A_Saccharomyces_cerevisiae_RNA-Seq_50000.fastq.gz"
                        ]
                    ],
                    [
                        {
                            "sampleName": "SRR1066658_GSM1299414_WT_NR_B",
                            "readType": "single"
                        },
                        [
                            "/trev-f/SRAlign-test/raw/rnaseq/data/reads/SRR1066658_GSM1299414_WT_NR_B_Saccharomyces_cerevisiae_RNA-Seq_50000.fastq.gz"
                        ]
                    ]
                ],
                "samples": [
                    [
                        {
                            "sampleName": "SRR6924569_GSM3073206_Saccharomyces_cerevisiae-AR_Biological_Repeat-2",
                            "readType": "paired"
                        },
                        [
                            "/trev-f/SRAlign-test/raw/rnaseq/data/reads/SRR6924569_GSM3073206_Saccharomyces_cerevisiae-AR_Biological_Repeat-2_Saccharomyces_cerevisiae_RNA-Seq_1_50000.fastq.gz",
                            "/trev-f/SRAlign-test/raw/rnaseq/data/reads/SRR6924569_GSM3073206_Saccharomyces_cerevisiae-AR_Biological_Repeat-2_Saccharomyces_cerevisiae_RNA-Seq_2_50000.fastq.gz"
                        ]
                    ],
                    [
                        {
                            "sampleName": "SRR6924589_GSM3073211_Saccharomyces_cerevisiae-AN_Biological_Repeat-1",
                            "readType": "paired"
                        },
                        [
                            "/trev-f/SRAlign-test/raw/rnaseq/data/reads/SRR6924589_GSM3073211_Saccharomyces_cerevisiae-AN_Biological_Repeat-1_Saccharomyces_cerevisiae_RNA-Seq_1_50000.fastq.gz",
                            "/trev-f/SRAlign-test/raw/rnaseq/data/reads/SRR6924589_GSM3073211_Saccharomyces_cerevisiae-AN_Biological_Repeat-1_Saccharomyces_cerevisiae_RNA-Seq_2_50000.fastq.gz"
                        ]
                    ],
                    [
                        {
                            "sampleName": "SRR1066657_GSM1299413_WT_NR_A",
                            "readType": "single"
                        },
                        [
                            "/trev-f/SRAlign-test/raw/rnaseq/data/reads/SRR1066657_GSM1299413_WT_NR_A_Saccharomyces_cerevisiae_RNA-Seq_50000.fastq.gz"
                        ]
                    ],
                    [
                        {
                            "sampleName": "SRR1066658_GSM1299414_WT_NR_B",
                            "readType": "single"
                        },
                        [
                            "/trev-f/SRAlign-test/raw/rnaseq/data/reads/SRR1066658_GSM1299414_WT_NR_B_Saccharomyces_cerevisiae_RNA-Seq_50000.fastq.gz"
                        ]
                    ]
                ]
            }
        ],
        "timestamp": "2023-08-22T15:41:59+0000"
    },
    "successfully creates read channels from paired-end samplesheet.": {
        "content": [
            {
                "0": [
                    [
                        {
                            "sampleName": "SRR6924569_GSM3073206_Saccharomyces_cerevisiae-AR_Biological_Repeat-2",
                            "readType": "paired"
                        },
                        [
                            "/trev-f/SRAlign-test/raw/rnaseq/data/reads/SRR6924569_GSM3073206_Saccharomyces_cerevisiae-AR_Biological_Repeat-2_Saccharomyces_cerevisiae_RNA-Seq_1_50000.fastq.gz",
                            "/trev-f/SRAlign-test/raw/rnaseq/data/reads/SRR6924569_GSM3073206_Saccharomyces_cerevisiae-AR_Biological_Repeat-2_Saccharomyces_cerevisiae_RNA-Seq_2_50000.fastq.gz"
                        ]
                    ],
                    [
                        {
                            "sampleName": "SRR6924589_GSM3073211_Saccharomyces_cerevisiae-AN_Biological_Repeat-1",
                            "readType": "paired"
                        },
                        [
                            "/trev-f/SRAlign-test/raw/rnaseq/data/reads/SRR6924589_GSM3073211_Saccharomyces_cerevisiae-AN_Biological_Repeat-1_Saccharomyces_cerevisiae_RNA-Seq_1_50000.fastq.gz",
                            "/trev-f/SRAlign-test/raw/rnaseq/data/reads/SRR6924589_GSM3073211_Saccharomyces_cerevisiae-AN_Biological_Repeat-1_Saccharomyces_cerevisiae_RNA-Seq_2_50000.fastq.gz"
                        ]
                    ]
                ],
                "samples": [
                    [
                        {
                            "sampleName": "SRR6924569_GSM3073206_Saccharomyces_cerevisiae-AR_Biological_Repeat-2",
                            "readType": "paired"
                        },
                        [
                            "/trev-f/SRAlign-test/raw/rnaseq/data/reads/SRR6924569_GSM3073206_Saccharomyces_cerevisiae-AR_Biological_Repeat-2_Saccharomyces_cerevisiae_RNA-Seq_1_50000.fastq.gz",
                            "/trev-f/SRAlign-test/raw/rnaseq/data/reads/SRR6924569_GSM3073206_Saccharomyces_cerevisiae-AR_Biological_Repeat-2_Saccharomyces_cerevisiae_RNA-Seq_2_50000.fastq.gz"
                        ]
                    ],
                    [
                        {
                            "sampleName": "SRR6924589_GSM3073211_Saccharomyces_cerevisiae-AN_Biological_Repeat-1",
                            "readType": "paired"
                        },
                        [
                            "/trev-f/SRAlign-test/raw/rnaseq/data/reads/SRR6924589_GSM3073211_Saccharomyces_cerevisiae-AN_Biological_Repeat-1_Saccharomyces_cerevisiae_RNA-Seq_1_50000.fastq.gz",
                            "/trev-f/SRAlign-test/raw/rnaseq/data/reads/SRR6924589_GSM3073211_Saccharomyces_cerevisiae-AN_Biological_Repeat-1_Saccharomyces_cerevisiae_RNA-Seq_2_50000.fastq.gz"
                        ]
                    ]
                ]
            }
        ],
        "timestamp": "2023-08-22T15:41:59+0000"
    },
    "successfully creates read channels from mixed single-end and paired-end samplesheet.": {
        "content": [
            {
                "0": [
                    [
                        {
                            "sampleName": "SRR6924569_GSM3073206_Saccharomyces_cerevisiae-AR_Biological_Repeat-2",
                            "readType": "paired"
                        },
                        [
                            "/trev-f/SRAlign-test/raw/rnaseq/data/reads/SRR6924569_GSM3073206_Saccharomyces_cerevisiae-AR_Biological_Repeat-2_Saccharomyces_cerevisiae_RNA-Seq_1_50000.fastq.gz",
                            "/trev-f/SRAlign-test/raw/rnaseq/data/reads/SRR6924569_GSM3073206_Saccharomyces_cerevisiae-AR_Biological_Repeat-2_Saccharomyces_cerevisiae_RNA-Seq_2_50000.fastq.gz"
                        ]
                    ],
                    [
                        {
                            "sampleName": "SRR6924589_GSM3073211_Saccharomyces_cerevisiae-AN_Biological_Repeat-1",
                            "readType": "paired"
                        },
                        [
                            "/trev-f/SRAlign-test/raw/rnaseq/data/reads/SRR6924589_GSM3073211_Saccharomyces_cerevisiae-AN_Biological_Repeat-1_Saccharomyces_cerevisiae_RNA-Seq_1_50000.fastq.gz",
                            "/trev-f/SRAlign-test/raw/rnaseq/data/reads/SRR6924589_GSM3073211_Saccharomyces_cerevisiae-AN_Biological_Repeat-1_Saccharomyces_cerevisiae_RNA-Seq_2_50000.fastq.gz"
                        ]
                    ],
                    [
                        {
                            "sampleName": "SRR1066657_GSM1299413_WT_NR_A",
                            "readType": "single"
                        },
                        [
                            "/trev-f/SRAlign-test/raw/rnaseq/data/reads/SRR1066657_GSM1299413_WT_NR_A_Saccharomyces_cerevisiae_RNA-Seq_50000.fastq.gz"
                        ]
                    ],
                    [
                        {
                            "sampleName": "SRR1066658_GSM1299414_WT_NR_B",
                            "readType": "single"
                        },
                        [
                            "/trev-f/SRAlign-test/raw/rnaseq/data/reads/SRR1066658_GSM1299414_WT_NR_B_Saccharomyces_cerevisiae_RNA-Seq_50000.fastq.gz"
                        ]
                    ]
                ],
                "samples": [
                    [
                        {
                            "sampleName": "SRR6924569_GSM3073206_Saccharomyces_cerevisiae-AR_Biological_Repeat-2",
                            "readType": "paired"
                        },
                        [
                            "/trev-f/SRAlign-test/raw/rnaseq/data/reads/SRR6924569_GSM3073206_Saccharomyces_cerevisiae-AR_Biological_Repeat-2_Saccharomyces_cerevisiae_RNA-Seq_1_50000.fastq.gz",
                            "/trev-f/SRAlign-test/raw/rnaseq/data/reads/SRR6924569_GSM3073206_Saccharomyces_cerevisiae-AR_Biological_Repeat-2_Saccharomyces_cerevisiae_RNA-Seq_2_50000.fastq.gz"
                        ]
                    ],
                    [
                        {
                            "sampleName": "SRR6924589_GSM3073211_Saccharomyces_cerevisiae-AN_Biological_Repeat-1",
                            "readType": "paired"
                        },
                        [
                            "/trev-f/SRAlign-test/raw/rnaseq/data/reads/SRR6924589_GSM3073211_Saccharomyces_cerevisiae-AN_Biological_Repeat-1_Saccharomyces_cerevisiae_RNA-Seq_1_50000.fastq.gz",
                            "/trev-f/SRAlign-test/raw/rnaseq/data/reads/SRR6924589_GSM3073211_Saccharomyces_cerevisiae-AN_Biological_Repeat-1_Saccharomyces_cerevisiae_RNA-Seq_2_50000.fastq.gz"
                        ]
                    ],
                    [
                        {
                            "sampleName": "SRR1066657_GSM1299413_WT_NR_A",
                            "readType": "single"
                        },
                        [
                            "/trev-f/SRAlign-test/raw/rnaseq/data/reads/SRR1066657_GSM1299413_WT_NR_A_Saccharomyces_cerevisiae_RNA-Seq_50000.fastq.gz"
                        ]
                    ],
                    [
                        {
                            "sampleName": "SRR1066658_GSM1299414_WT_NR_B",
                            "readType": "single"
                        },
                        [
                            "/trev-f/SRAlign-test/raw/rnaseq/data/reads/SRR1066658_GSM1299414_WT_NR_B_Saccharomyces_cerevisiae_RNA-Seq_50000.fastq.gz"
                        ]
                    ]
                ]
            }
        ],
        "timestamp": "2023-08-22T15:41:59+0000"
    },
    "Parse_Design successfully creates read channels from paired-end samplesheet.": {
        "content": [
            {
                "0": [
                    [
                        {
                            "sampleName": "Chromium_3p_GEX_Human_PBMC_chr21_100000",
                            "sampleNumber": "1",
                            "lane": "001",
                            "readType": "paired"
                        },
                        [
                            "/utia-gc/ngs-test/raw/scrnaseq/data/reads/raw/Chromium_3p_GEX_Human_PBMC_chr21_100000_S1_L001_R1_001.fastq.gz",
                            "/utia-gc/ngs-test/raw/scrnaseq/data/reads/raw/Chromium_3p_GEX_Human_PBMC_chr21_100000_S1_L001_R2_001.fastq.gz"
                        ]
                    ],
                    [
                        {
                            "sampleName": "Chromium_3p_GEX_Human_PBMC_chr21_100000",
                            "sampleNumber": "1",
                            "lane": "002",
                            "readType": "paired"
                        },
                        [
                            "/utia-gc/ngs-test/raw/scrnaseq/data/reads/raw/Chromium_3p_GEX_Human_PBMC_chr21_100000_S1_L002_R1_001.fastq.gz",
                            "/utia-gc/ngs-test/raw/scrnaseq/data/reads/raw/Chromium_3p_GEX_Human_PBMC_chr21_100000_S1_L002_R2_001.fastq.gz"
                        ]
                    ]
                ],
                "samples": [
                    [
                        {
                            "sampleName": "Chromium_3p_GEX_Human_PBMC_chr21_100000",
                            "sampleNumber": "1",
                            "lane": "001",
                            "readType": "paired"
                        },
                        [
                            "/utia-gc/ngs-test/raw/scrnaseq/data/reads/raw/Chromium_3p_GEX_Human_PBMC_chr21_100000_S1_L001_R1_001.fastq.gz",
                            "/utia-gc/ngs-test/raw/scrnaseq/data/reads/raw/Chromium_3p_GEX_Human_PBMC_chr21_100000_S1_L001_R2_001.fastq.gz"
                        ]
                    ],
                    [
                        {
                            "sampleName": "Chromium_3p_GEX_Human_PBMC_chr21_100000",
                            "sampleNumber": "1",
                            "lane": "002",
                            "readType": "paired"
                        },
                        [
                            "/utia-gc/ngs-test/raw/scrnaseq/data/reads/raw/Chromium_3p_GEX_Human_PBMC_chr21_100000_S1_L002_R1_001.fastq.gz",
                            "/utia-gc/ngs-test/raw/scrnaseq/data/reads/raw/Chromium_3p_GEX_Human_PBMC_chr21_100000_S1_L002_R2_001.fastq.gz"
                        ]
                    ]
                ]
            }
        ],
        "timestamp": "2023-08-22T15:41:59+0000"
    }
}